// Jest Snapshot v1, https://goo.gl/fbAQLP

exports[`Test suite for the Calculator component Should render a snapshot of the Calculator component 1`] = `
<div
  class="main_container"
  data-testid="main_container"
>
  <div
    class="text_wrapper"
  >
    <h1>
      Math Magicians
    </h1>
    <p>
      Lets do some math!
    </p>
  </div>
  <div
    class="grid_wrapper"
  >
    <div
      class="total"
      data-testid="total"
      type="button"
    >
      0
    </div>
    <button
      class="ac"
      type="button"
    >
      AC
    </button>
    <button
      class="plus_minus"
      type="button"
    >
      +/-
    </button>
    <button
      class="percent"
      type="button"
    >
      %
    </button>
    <button
      class="divide"
      type="button"
    >
      รท
    </button>
    <button
      class="seven"
      type="button"
    >
      7
    </button>
    <button
      class="eight"
      type="button"
    >
      8
    </button>
    <button
      class="nine"
      type="button"
    >
      9
    </button>
    <button
      class="multiply"
      type="button"
    >
      x
    </button>
    <button
      class="four"
      type="button"
    >
      4
    </button>
    <button
      class="five"
      type="button"
    >
      5
    </button>
    <button
      class="six"
      type="button"
    >
      6
    </button>
    <button
      class="minus"
      type="button"
    >
      -
    </button>
    <button
      class="one"
      type="button"
    >
      1
    </button>
    <button
      class="two"
      type="button"
    >
      2
    </button>
    <button
      class="three"
      type="button"
    >
      3
    </button>
    <button
      class="plus"
      type="button"
    >
      +
    </button>
    <button
      class="zero"
      type="button"
    >
      0
    </button>
    <button
      class="point"
      type="button"
    >
      .
    </button>
    <button
      class="equal"
      type="button"
    >
      =
    </button>
  </div>
</div>
`;
