// Jest Snapshot v1, https://goo.gl/fbAQLP

exports[`Test suite for the Footer component Should render a snapshot of the Footer component 1`] = `
<footer
  class="footer"
  data-testid="footer"
>
  <p>
    Â© 2023 Jose Montoya. All rights reserved.
  </p>
  <p>
    Built with ðŸ’™ in Medellin, CO
  </p>
</footer>
`;
